Analysis & Synthesis report for MIPS
Wed Jan 18 02:38:22 2023
Quartus II 64-Bit Version 13.1.0 Build 162 10/23/2013 SJ Web Edition


---------------------
; Table of Contents ;
---------------------
  1. Legal Notice
  2. Analysis & Synthesis Summary
  3. Analysis & Synthesis Settings
  4. Parallel Compilation
  5. Analysis & Synthesis Source Files Read
  6. Analysis & Synthesis Resource Usage Summary
  7. Analysis & Synthesis Resource Utilization by Entity
  8. General Register Statistics
  9. Port Connectivity Checks: "memoryOperations:myMemory"
 10. Port Connectivity Checks: "ALU32bit:myALU|_32bit_slt:g3|_32bit_adder:f1"
 11. Port Connectivity Checks: "ALU32bit:myALU|_32bit_slt:g3|_32bit_sub:f"
 12. Port Connectivity Checks: "ALU32bit:myALU|_32bit_sub:g2|_32bit_adder:g1"
 13. Port Connectivity Checks: "ALU32bit:myALU|_32bit_sub:g2"
 14. Port Connectivity Checks: "ALU32bit:myALU|_32bit_adder:g0"
 15. Port Connectivity Checks: "MainControl:myMainControl"
 16. Port Connectivity Checks: "instructionMemory:myInstruction"
 17. Elapsed Time Per Partition
 18. Analysis & Synthesis Messages



----------------
; Legal Notice ;
----------------
Copyright (C) 1991-2013 Altera Corporation
Your use of Altera Corporation's design tools, logic functions 
and other software and tools, and its AMPP partner logic 
functions, and any output files from any of the foregoing 
(including device programming or simulation files), and any 
associated documentation or information are expressly subject 
to the terms and conditions of the Altera Program License 
Subscription Agreement, Altera MegaCore Function License 
Agreement, or other applicable license agreement, including, 
without limitation, that your use is for the sole purpose of 
programming logic devices manufactured by Altera and sold by 
Altera or its authorized distributors.  Please refer to the 
applicable agreement for further details.



+---------------------------------------------------------------------------------+
; Analysis & Synthesis Summary                                                    ;
+------------------------------------+--------------------------------------------+
; Analysis & Synthesis Status        ; Successful - Wed Jan 18 02:38:22 2023      ;
; Quartus II 64-Bit Version          ; 13.1.0 Build 162 10/23/2013 SJ Web Edition ;
; Revision Name                      ; MIPS                                       ;
; Top-level Entity Name              ; MIPS                                       ;
; Family                             ; Cyclone IV GX                              ;
; Total logic elements               ; 0                                          ;
;     Total combinational functions  ; 0                                          ;
;     Dedicated logic registers      ; 0                                          ;
; Total registers                    ; 0                                          ;
; Total pins                         ; 1                                          ;
; Total virtual pins                 ; 0                                          ;
; Total memory bits                  ; 0                                          ;
; Embedded Multiplier 9-bit elements ; 0                                          ;
; Total GXB Receiver Channel PCS     ; 0                                          ;
; Total GXB Receiver Channel PMA     ; 0                                          ;
; Total GXB Transmitter Channel PCS  ; 0                                          ;
; Total GXB Transmitter Channel PMA  ; 0                                          ;
; Total PLLs                         ; 0                                          ;
+------------------------------------+--------------------------------------------+


+----------------------------------------------------------------------------------------------------------------------+
; Analysis & Synthesis Settings                                                                                        ;
+----------------------------------------------------------------------------+--------------------+--------------------+
; Option                                                                     ; Setting            ; Default Value      ;
+----------------------------------------------------------------------------+--------------------+--------------------+
; Top-level entity name                                                      ; MIPS               ; MIPS               ;
; Family name                                                                ; Cyclone IV GX      ; Cyclone IV GX      ;
; Use smart compilation                                                      ; Off                ; Off                ;
; Enable parallel Assembler and TimeQuest Timing Analyzer during compilation ; On                 ; On                 ;
; Enable compact report table                                                ; Off                ; Off                ;
; Restructure Multiplexers                                                   ; Auto               ; Auto               ;
; Create Debugging Nodes for IP Cores                                        ; Off                ; Off                ;
; Preserve fewer node names                                                  ; On                 ; On                 ;
; Disable OpenCore Plus hardware evaluation                                  ; Off                ; Off                ;
; Verilog Version                                                            ; Verilog_2001       ; Verilog_2001       ;
; VHDL Version                                                               ; VHDL_1993          ; VHDL_1993          ;
; State Machine Processing                                                   ; Auto               ; Auto               ;
; Safe State Machine                                                         ; Off                ; Off                ;
; Extract Verilog State Machines                                             ; On                 ; On                 ;
; Extract VHDL State Machines                                                ; On                 ; On                 ;
; Ignore Verilog initial constructs                                          ; Off                ; Off                ;
; Iteration limit for constant Verilog loops                                 ; 5000               ; 5000               ;
; Iteration limit for non-constant Verilog loops                             ; 250                ; 250                ;
; Add Pass-Through Logic to Inferred RAMs                                    ; On                 ; On                 ;
; Infer RAMs from Raw Logic                                                  ; On                 ; On                 ;
; Parallel Synthesis                                                         ; On                 ; On                 ;
; DSP Block Balancing                                                        ; Auto               ; Auto               ;
; NOT Gate Push-Back                                                         ; On                 ; On                 ;
; Power-Up Don't Care                                                        ; On                 ; On                 ;
; Remove Redundant Logic Cells                                               ; Off                ; Off                ;
; Remove Duplicate Registers                                                 ; On                 ; On                 ;
; Ignore CARRY Buffers                                                       ; Off                ; Off                ;
; Ignore CASCADE Buffers                                                     ; Off                ; Off                ;
; Ignore GLOBAL Buffers                                                      ; Off                ; Off                ;
; Ignore ROW GLOBAL Buffers                                                  ; Off                ; Off                ;
; Ignore LCELL Buffers                                                       ; Off                ; Off                ;
; Ignore SOFT Buffers                                                        ; On                 ; On                 ;
; Limit AHDL Integers to 32 Bits                                             ; Off                ; Off                ;
; Optimization Technique                                                     ; Balanced           ; Balanced           ;
; Carry Chain Length                                                         ; 70                 ; 70                 ;
; Auto Carry Chains                                                          ; On                 ; On                 ;
; Auto Open-Drain Pins                                                       ; On                 ; On                 ;
; Perform WYSIWYG Primitive Resynthesis                                      ; Off                ; Off                ;
; Auto ROM Replacement                                                       ; On                 ; On                 ;
; Auto RAM Replacement                                                       ; On                 ; On                 ;
; Auto DSP Block Replacement                                                 ; On                 ; On                 ;
; Auto Shift Register Replacement                                            ; Auto               ; Auto               ;
; Allow Shift Register Merging across Hierarchies                            ; Auto               ; Auto               ;
; Auto Clock Enable Replacement                                              ; On                 ; On                 ;
; Strict RAM Replacement                                                     ; Off                ; Off                ;
; Allow Synchronous Control Signals                                          ; On                 ; On                 ;
; Force Use of Synchronous Clear Signals                                     ; Off                ; Off                ;
; Auto RAM Block Balancing                                                   ; On                 ; On                 ;
; Auto RAM to Logic Cell Conversion                                          ; Off                ; Off                ;
; Auto Resource Sharing                                                      ; Off                ; Off                ;
; Allow Any RAM Size For Recognition                                         ; Off                ; Off                ;
; Allow Any ROM Size For Recognition                                         ; Off                ; Off                ;
; Allow Any Shift Register Size For Recognition                              ; Off                ; Off                ;
; Use LogicLock Constraints during Resource Balancing                        ; On                 ; On                 ;
; Ignore translate_off and synthesis_off directives                          ; Off                ; Off                ;
; Timing-Driven Synthesis                                                    ; On                 ; On                 ;
; Report Parameter Settings                                                  ; On                 ; On                 ;
; Report Source Assignments                                                  ; On                 ; On                 ;
; Report Connectivity Checks                                                 ; On                 ; On                 ;
; Ignore Maximum Fan-Out Assignments                                         ; Off                ; Off                ;
; Synchronization Register Chain Length                                      ; 2                  ; 2                  ;
; PowerPlay Power Optimization                                               ; Normal compilation ; Normal compilation ;
; HDL message level                                                          ; Level2             ; Level2             ;
; Suppress Register Optimization Related Messages                            ; Off                ; Off                ;
; Number of Removed Registers Reported in Synthesis Report                   ; 5000               ; 5000               ;
; Number of Swept Nodes Reported in Synthesis Report                         ; 5000               ; 5000               ;
; Number of Inverted Registers Reported in Synthesis Report                  ; 100                ; 100                ;
; Clock MUX Protection                                                       ; On                 ; On                 ;
; Auto Gated Clock Conversion                                                ; Off                ; Off                ;
; Block Design Naming                                                        ; Auto               ; Auto               ;
; SDC constraint protection                                                  ; Off                ; Off                ;
; Synthesis Effort                                                           ; Auto               ; Auto               ;
; Shift Register Replacement - Allow Asynchronous Clear Signal               ; On                 ; On                 ;
; Pre-Mapping Resynthesis Optimization                                       ; Off                ; Off                ;
; Analysis & Synthesis Message Level                                         ; Medium             ; Medium             ;
; Disable Register Merging Across Hierarchies                                ; Auto               ; Auto               ;
; Resource Aware Inference For Block RAM                                     ; On                 ; On                 ;
; Synthesis Seed                                                             ; 1                  ; 1                  ;
+----------------------------------------------------------------------------+--------------------+--------------------+


Parallel compilation was disabled, but you have multiple processors available. Enable parallel compilation to reduce compilation time.
+-------------------------------------+
; Parallel Compilation                ;
+----------------------------+--------+
; Processors                 ; Number ;
+----------------------------+--------+
; Number detected on machine ; 8      ;
; Maximum allowed            ; 1      ;
+----------------------------+--------+


+---------------------------------------------------------------------------------------------------------------------------------------+
; Analysis & Synthesis Source Files Read                                                                                                ;
+----------------------------------+-----------------+------------------------+-----------------------------------------------+---------+
; File Name with User-Entered Path ; Used in Netlist ; File Type              ; File Name with Absolute Path                  ; Library ;
+----------------------------------+-----------------+------------------------+-----------------------------------------------+---------+
; MainControl.v                    ; yes             ; User Verilog HDL File  ; C:/altera/1901042667_hw3/MainControl.v        ;         ;
; _full_adder.v                    ; yes             ; User Verilog HDL File  ; C:/altera/1901042667_hw3/_full_adder.v        ;         ;
; _8bit_adder.v                    ; yes             ; User Verilog HDL File  ; C:/altera/1901042667_hw3/_8bit_adder.v        ;         ;
; _4bit_adder.v                    ; yes             ; User Verilog HDL File  ; C:/altera/1901042667_hw3/_4bit_adder.v        ;         ;
; _32bit_xor.v                     ; yes             ; User Verilog HDL File  ; C:/altera/1901042667_hw3/_32bit_xor.v         ;         ;
; _32bit_sub.v                     ; yes             ; User Verilog HDL File  ; C:/altera/1901042667_hw3/_32bit_sub.v         ;         ;
; _32bit_slt.v                     ; yes             ; User Verilog HDL File  ; C:/altera/1901042667_hw3/_32bit_slt.v         ;         ;
; _32bit_or.v                      ; yes             ; User Verilog HDL File  ; C:/altera/1901042667_hw3/_32bit_or.v          ;         ;
; _32bit_nor.v                     ; yes             ; User Verilog HDL File  ; C:/altera/1901042667_hw3/_32bit_nor.v         ;         ;
; _32bit_and.v                     ; yes             ; User Verilog HDL File  ; C:/altera/1901042667_hw3/_32bit_and.v         ;         ;
; _32bit_adder.v                   ; yes             ; User Verilog HDL File  ; C:/altera/1901042667_hw3/_32bit_adder.v       ;         ;
; mux8x1.v                         ; yes             ; User Verilog HDL File  ; C:/altera/1901042667_hw3/mux8x1.v             ;         ;
; mux4x1.v                         ; yes             ; User Verilog HDL File  ; C:/altera/1901042667_hw3/mux4x1.v             ;         ;
; mux2x1.v                         ; yes             ; User Verilog HDL File  ; C:/altera/1901042667_hw3/mux2x1.v             ;         ;
; half_adder.v                     ; yes             ; User Verilog HDL File  ; C:/altera/1901042667_hw3/half_adder.v         ;         ;
; ALU32bit.v                       ; yes             ; User Verilog HDL File  ; C:/altera/1901042667_hw3/ALU32bit.v           ;         ;
; MIPS.v                           ; yes             ; User Verilog HDL File  ; C:/altera/1901042667_hw3/MIPS.v               ;         ;
; instructionMemory.v              ; yes             ; User Verilog HDL File  ; C:/altera/1901042667_hw3/instructionMemory.v  ;         ;
; SelectDestination.v              ; yes             ; User Verilog HDL File  ; C:/altera/1901042667_hw3/SelectDestination.v  ;         ;
; ALUControl.v                     ; yes             ; User Verilog HDL File  ; C:/altera/1901042667_hw3/ALUControl.v         ;         ;
; registerOperations.v             ; yes             ; User Verilog HDL File  ; C:/altera/1901042667_hw3/registerOperations.v ;         ;
; memoryOperations.v               ; yes             ; User Verilog HDL File  ; C:/altera/1901042667_hw3/memoryOperations.v   ;         ;
+----------------------------------+-----------------+------------------------+-----------------------------------------------+---------+


+---------------------------------------------+
; Analysis & Synthesis Resource Usage Summary ;
+--------------------------+------------------+
; Resource                 ; Usage            ;
+--------------------------+------------------+
; I/O pins                 ; 1                ;
; DSP block 9-bit elements ; 0                ;
; Maximum fan-out node     ; clock            ;
; Maximum fan-out          ; 1                ;
; Total fan-out            ; 1                ;
; Average fan-out          ; 0.50             ;
+--------------------------+------------------+


+-----------------------------------------------------------------------------------------------------------------------------------------------------------------------------------------+
; Analysis & Synthesis Resource Utilization by Entity                                                                                                                                     ;
+----------------------------+-------------------+--------------+-------------+--------------+---------+-----------+-----------+------+--------------+---------------------+--------------+
; Compilation Hierarchy Node ; LC Combinationals ; LC Registers ; Memory Bits ; DSP Elements ; DSP 9x9 ; DSP 18x18 ; DSP 36x36 ; Pins ; Virtual Pins ; Full Hierarchy Name ; Library Name ;
+----------------------------+-------------------+--------------+-------------+--------------+---------+-----------+-----------+------+--------------+---------------------+--------------+
; |MIPS                      ; 0 (0)             ; 0 (0)        ; 0           ; 0            ; 0       ; 0         ; 0         ; 1    ; 0            ; |MIPS               ; work         ;
+----------------------------+-------------------+--------------+-------------+--------------+---------+-----------+-----------+------+--------------+---------------------+--------------+
Note: For table entries with two numbers listed, the numbers in parentheses indicate the number of resources of the given type used by the specific entity alone. The numbers listed outside of parentheses indicate the total resources of the given type used by the specific entity and all of its sub-entities in the hierarchy.


+------------------------------------------------------+
; General Register Statistics                          ;
+----------------------------------------------+-------+
; Statistic                                    ; Value ;
+----------------------------------------------+-------+
; Total registers                              ; 0     ;
; Number of registers using Synchronous Clear  ; 0     ;
; Number of registers using Synchronous Load   ; 0     ;
; Number of registers using Asynchronous Clear ; 0     ;
; Number of registers using Asynchronous Load  ; 0     ;
; Number of registers using Clock Enable       ; 0     ;
; Number of registers using Preset             ; 0     ;
+----------------------------------------------+-------+


+--------------------------------------------------------------------------------------------------------------------+
; Port Connectivity Checks: "memoryOperations:myMemory"                                                              ;
+----------+--------+----------+-------------------------------------------------------------------------------------+
; Port     ; Type   ; Severity ; Details                                                                             ;
+----------+--------+----------+-------------------------------------------------------------------------------------+
; myOutput ; Output ; Info     ; Connected to dangling logic. Logic that only feeds a dangling port will be removed. ;
+----------+--------+----------+-------------------------------------------------------------------------------------+


+-------------------------------------------------------------------------------------------------------------------------------------------------------------------------------------------------------------------+
; Port Connectivity Checks: "ALU32bit:myALU|_32bit_slt:g3|_32bit_adder:f1"                                                                                                                                          ;
+----------+--------+----------+------------------------------------------------------------------------------------------------------------------------------------------------------------------------------------+
; Port     ; Type   ; Severity ; Details                                                                                                                                                                            ;
+----------+--------+----------+------------------------------------------------------------------------------------------------------------------------------------------------------------------------------------+
; A        ; Input  ; Info     ; Stuck at GND                                                                                                                                                                       ;
; B[15..1] ; Input  ; Info     ; Stuck at GND                                                                                                                                                                       ;
; Cin      ; Input  ; Warning  ; Input port expression (16 bits) is wider than the input port (1 bits) it drives.  The 15 most-significant bit(s) in the expression will be dangling if they have no other fanouts. ;
; Cin[-1]  ; Input  ; Info     ; Stuck at GND                                                                                                                                                                       ;
; Cout     ; Output ; Info     ; Connected to dangling logic. Logic that only feeds a dangling port will be removed.                                                                                                ;
+----------+--------+----------+------------------------------------------------------------------------------------------------------------------------------------------------------------------------------------+


+------------------------------------------------------------------------------------------------------------------------------------------------------------------------------------------------------------------------+
; Port Connectivity Checks: "ALU32bit:myALU|_32bit_slt:g3|_32bit_sub:f"                                                                                                                                                  ;
+---------------+--------+----------+------------------------------------------------------------------------------------------------------------------------------------------------------------------------------------+
; Port          ; Type   ; Severity ; Details                                                                                                                                                                            ;
+---------------+--------+----------+------------------------------------------------------------------------------------------------------------------------------------------------------------------------------------+
; Cin           ; Input  ; Warning  ; Input port expression (32 bits) is wider than the input port (1 bits) it drives.  The 31 most-significant bit(s) in the expression will be dangling if they have no other fanouts. ;
; Cin[-1]       ; Input  ; Info     ; Stuck at GND                                                                                                                                                                       ;
; Result[14..0] ; Output ; Info     ; Connected to dangling logic. Logic that only feeds a dangling port will be removed.                                                                                                ;
; Cout          ; Output ; Info     ; Connected to dangling logic. Logic that only feeds a dangling port will be removed.                                                                                                ;
+---------------+--------+----------+------------------------------------------------------------------------------------------------------------------------------------------------------------------------------------+


+----------------------------------------------------------------------------------------------------------------+
; Port Connectivity Checks: "ALU32bit:myALU|_32bit_sub:g2|_32bit_adder:g1"                                       ;
+------+--------+----------+-------------------------------------------------------------------------------------+
; Port ; Type   ; Severity ; Details                                                                             ;
+------+--------+----------+-------------------------------------------------------------------------------------+
; Cout ; Output ; Info     ; Connected to dangling logic. Logic that only feeds a dangling port will be removed. ;
+------+--------+----------+-------------------------------------------------------------------------------------+


+------------------------------------------------------------------------------------------------------------------------------------------------------------------------------------------------------------------+
; Port Connectivity Checks: "ALU32bit:myALU|_32bit_sub:g2"                                                                                                                                                         ;
+---------+--------+----------+------------------------------------------------------------------------------------------------------------------------------------------------------------------------------------+
; Port    ; Type   ; Severity ; Details                                                                                                                                                                            ;
+---------+--------+----------+------------------------------------------------------------------------------------------------------------------------------------------------------------------------------------+
; Cin     ; Input  ; Warning  ; Input port expression (32 bits) is wider than the input port (1 bits) it drives.  The 31 most-significant bit(s) in the expression will be dangling if they have no other fanouts. ;
; Cin[-1] ; Input  ; Info     ; Stuck at GND                                                                                                                                                                       ;
; Cout    ; Output ; Info     ; Connected to dangling logic. Logic that only feeds a dangling port will be removed.                                                                                                ;
+---------+--------+----------+------------------------------------------------------------------------------------------------------------------------------------------------------------------------------------+


+------------------------------------------------------------------------------------------------------------------------------------------------------------------------------------------------------------------+
; Port Connectivity Checks: "ALU32bit:myALU|_32bit_adder:g0"                                                                                                                                                       ;
+---------+--------+----------+------------------------------------------------------------------------------------------------------------------------------------------------------------------------------------+
; Port    ; Type   ; Severity ; Details                                                                                                                                                                            ;
+---------+--------+----------+------------------------------------------------------------------------------------------------------------------------------------------------------------------------------------+
; Cin     ; Input  ; Warning  ; Input port expression (32 bits) is wider than the input port (1 bits) it drives.  The 31 most-significant bit(s) in the expression will be dangling if they have no other fanouts. ;
; Cin[-1] ; Input  ; Info     ; Stuck at GND                                                                                                                                                                       ;
; Cout    ; Output ; Info     ; Connected to dangling logic. Logic that only feeds a dangling port will be removed.                                                                                                ;
+---------+--------+----------+------------------------------------------------------------------------------------------------------------------------------------------------------------------------------------+


+---------------------------------------------------------------------------------------------------------------------+
; Port Connectivity Checks: "MainControl:myMainControl"                                                               ;
+-----------+--------+----------+-------------------------------------------------------------------------------------+
; Port      ; Type   ; Severity ; Details                                                                             ;
+-----------+--------+----------+-------------------------------------------------------------------------------------+
; regDst    ; Output ; Info     ; Connected to dangling logic. Logic that only feeds a dangling port will be removed. ;
; MemtoReg  ; Output ; Info     ; Connected to dangling logic. Logic that only feeds a dangling port will be removed. ;
; MemRead   ; Output ; Info     ; Connected to dangling logic. Logic that only feeds a dangling port will be removed. ;
; MemWrite  ; Output ; Info     ; Connected to dangling logic. Logic that only feeds a dangling port will be removed. ;
; Branch    ; Output ; Info     ; Connected to dangling logic. Logic that only feeds a dangling port will be removed. ;
; NotBranch ; Output ; Info     ; Connected to dangling logic. Logic that only feeds a dangling port will be removed. ;
; Jump      ; Output ; Info     ; Connected to dangling logic. Logic that only feeds a dangling port will be removed. ;
+-----------+--------+----------+-------------------------------------------------------------------------------------+


+--------------------------------------------------------------------------------------------------------------------------------+
; Port Connectivity Checks: "instructionMemory:myInstruction"                                                                    ;
+----------------------+--------+----------+-------------------------------------------------------------------------------------+
; Port                 ; Type   ; Severity ; Details                                                                             ;
+----------------------+--------+----------+-------------------------------------------------------------------------------------+
; theInstruction[1..0] ; Output ; Info     ; Connected to dangling logic. Logic that only feeds a dangling port will be removed. ;
+----------------------+--------+----------+-------------------------------------------------------------------------------------+


+-------------------------------+
; Elapsed Time Per Partition    ;
+----------------+--------------+
; Partition Name ; Elapsed Time ;
+----------------+--------------+
; Top            ; 00:00:00     ;
+----------------+--------------+


+-------------------------------+
; Analysis & Synthesis Messages ;
+-------------------------------+
Info: *******************************************************************
Info: Running Quartus II 64-Bit Analysis & Synthesis
    Info: Version 13.1.0 Build 162 10/23/2013 SJ Web Edition
    Info: Processing started: Wed Jan 18 02:38:20 2023
Info: Command: quartus_map --read_settings_files=on --write_settings_files=off MIPS -c MIPS
Warning (20028): Parallel compilation is not licensed and has been disabled
Info (12021): Found 1 design units, including 1 entities, in source file maincontrol.v
    Info (12023): Found entity 1: MainControl
Info (12021): Found 1 design units, including 1 entities, in source file _full_adder.v
    Info (12023): Found entity 1: full_adder
Info (12021): Found 1 design units, including 1 entities, in source file _8bit_adder.v
    Info (12023): Found entity 1: _8bit_adder
Info (12021): Found 1 design units, including 1 entities, in source file _4bit_adder.v
    Info (12023): Found entity 1: _4bit_adder
Info (12021): Found 1 design units, including 1 entities, in source file _32bit_xor.v
    Info (12023): Found entity 1: _32bit_xor
Info (12021): Found 1 design units, including 1 entities, in source file _32bit_sub.v
    Info (12023): Found entity 1: _32bit_sub
Info (12021): Found 1 design units, including 1 entities, in source file _32bit_slt.v
    Info (12023): Found entity 1: _32bit_slt
Info (12021): Found 1 design units, including 1 entities, in source file _32bit_or.v
    Info (12023): Found entity 1: _32bit_or
Info (12021): Found 1 design units, including 1 entities, in source file _32bit_nor.v
    Info (12023): Found entity 1: _32bit_nor
Info (12021): Found 1 design units, including 1 entities, in source file _32bit_and.v
    Info (12023): Found entity 1: _32bit_and
Info (12021): Found 1 design units, including 1 entities, in source file _32bit_adder.v
    Info (12023): Found entity 1: _32bit_adder
Warning (12019): Can't analyze file -- file test_bench.v is missing
Info (12021): Found 1 design units, including 1 entities, in source file mux8x1.v
    Info (12023): Found entity 1: mux8x1
Info (12021): Found 1 design units, including 1 entities, in source file mux4x1.v
    Info (12023): Found entity 1: mux4x1
Info (12021): Found 1 design units, including 1 entities, in source file mux2x1.v
    Info (12023): Found entity 1: mux2x1
Info (12021): Found 1 design units, including 1 entities, in source file half_adder.v
    Info (12023): Found entity 1: half_adder
Info (12021): Found 1 design units, including 1 entities, in source file alu32bit.v
    Info (12023): Found entity 1: ALU32bit
Info (12021): Found 1 design units, including 1 entities, in source file mips.v
    Info (12023): Found entity 1: MIPS
Info (12021): Found 1 design units, including 1 entities, in source file mips_testbench.v
    Info (12023): Found entity 1: MIPS_testbench
Info (12021): Found 1 design units, including 1 entities, in source file instructionmemory.v
    Info (12023): Found entity 1: instructionMemory
Info (12021): Found 1 design units, including 1 entities, in source file selectdestination.v
    Info (12023): Found entity 1: SelectDestination
Info (12021): Found 1 design units, including 1 entities, in source file selectalusource.v
    Info (12023): Found entity 1: SelectALUSource
Info (12021): Found 1 design units, including 1 entities, in source file alucontrol.v
    Info (12023): Found entity 1: ALUControl
Info (12021): Found 1 design units, including 1 entities, in source file registeroperations.v
    Info (12023): Found entity 1: registerOperations
Info (12021): Found 1 design units, including 1 entities, in source file memoryoperations.v
    Info (12023): Found entity 1: memoryOperations
Info (12021): Found 1 design units, including 1 entities, in source file instructionmemory_testbench.v
    Info (12023): Found entity 1: instructionMemory_testbench
Info (12021): Found 1 design units, including 1 entities, in source file maincontrol_testbench.v
    Info (12023): Found entity 1: MainControl_testbench
Info (12021): Found 1 design units, including 1 entities, in source file registeroperations_testbench.v
    Info (12023): Found entity 1: registerOperations_testbench
Info (12021): Found 1 design units, including 1 entities, in source file selectdestination_testbench.v
    Info (12023): Found entity 1: SelectDestination_testbench
Info (12021): Found 1 design units, including 1 entities, in source file mux2x1_testbench.v
    Info (12023): Found entity 1: mux2x1_testbench
Info (12021): Found 1 design units, including 1 entities, in source file alucontrol_testbench.v
    Info (12023): Found entity 1: ALUControl_testbench
Info (12021): Found 1 design units, including 1 entities, in source file alu32bit_testbench.v
    Info (12023): Found entity 1: ALU32bit_testbench
Info (12021): Found 1 design units, including 1 entities, in source file memoryoperations_testbench.v
    Info (12023): Found entity 1: memoryOperations_testbench
Info (12021): Found 1 design units, including 1 entities, in source file specialtestbench.v
    Info (12023): Found entity 1: SpecialTestBench
Warning (10236): Verilog HDL Implicit Net warning at ALU32bit.v(9): created implicit net for "C"
Warning (10236): Verilog HDL Implicit Net warning at MIPS.v(17): created implicit net for "regDest"
Warning (10236): Verilog HDL Implicit Net warning at MIPS.v(27): created implicit net for "memRead"
Warning (10236): Verilog HDL Implicit Net warning at MIPS.v(27): created implicit net for "memWrite"
Info (12127): Elaborating entity "MIPS" for the top level hierarchy
Info (12128): Elaborating entity "instructionMemory" for hierarchy "instructionMemory:myInstruction"
Warning (10858): Verilog HDL warning at instructionMemory.v(7): object instructions used but never assigned
Info (12128): Elaborating entity "MainControl" for hierarchy "MainControl:myMainControl"
Warning (10739): Verilog HDL warning at MainControl.v(32): actual bit length 32 differs from formal bit length 1
Warning (10739): Verilog HDL warning at MainControl.v(33): actual bit length 32 differs from formal bit length 1
Warning (10739): Verilog HDL warning at MainControl.v(34): actual bit length 32 differs from formal bit length 1
Warning (10739): Verilog HDL warning at MainControl.v(35): actual bit length 32 differs from formal bit length 1
Warning (10739): Verilog HDL warning at MainControl.v(36): actual bit length 32 differs from formal bit length 1
Warning (10739): Verilog HDL warning at MainControl.v(37): actual bit length 32 differs from formal bit length 1
Warning (10739): Verilog HDL warning at MainControl.v(38): actual bit length 32 differs from formal bit length 1
Warning (10739): Verilog HDL warning at MainControl.v(39): actual bit length 32 differs from formal bit length 1
Warning (10739): Verilog HDL warning at MainControl.v(40): actual bit length 32 differs from formal bit length 1
Warning (10739): Verilog HDL warning at MainControl.v(41): actual bit length 32 differs from formal bit length 1
Warning (10739): Verilog HDL warning at MainControl.v(42): actual bit length 32 differs from formal bit length 1
Warning (10739): Verilog HDL warning at MainControl.v(43): actual bit length 32 differs from formal bit length 1
Info (12128): Elaborating entity "SelectDestination" for hierarchy "SelectDestination:Selection1"
Info (12128): Elaborating entity "registerOperations" for hierarchy "registerOperations:myRegister"
Info (12128): Elaborating entity "ALUControl" for hierarchy "ALUControl:myALUControl"
Warning (10739): Verilog HDL warning at ALUControl.v(35): actual bit length 32 differs from formal bit length 1
Warning (10739): Verilog HDL warning at ALUControl.v(41): actual bit length 32 differs from formal bit length 1
Warning (10739): Verilog HDL warning at ALUControl.v(47): actual bit length 32 differs from formal bit length 1
Info (12128): Elaborating entity "mux2x1" for hierarchy "mux2x1:SelectSource"
Info (12128): Elaborating entity "_32bit_or" for hierarchy "mux2x1:SelectSource|_32bit_or:g00"
Info (12128): Elaborating entity "ALU32bit" for hierarchy "ALU32bit:myALU"
Info (12128): Elaborating entity "_32bit_adder" for hierarchy "ALU32bit:myALU|_32bit_adder:g0"
Info (12128): Elaborating entity "_8bit_adder" for hierarchy "ALU32bit:myALU|_32bit_adder:g0|_8bit_adder:F0"
Info (12128): Elaborating entity "_4bit_adder" for hierarchy "ALU32bit:myALU|_32bit_adder:g0|_8bit_adder:F0|_4bit_adder:A0"
Info (12128): Elaborating entity "full_adder" for hierarchy "ALU32bit:myALU|_32bit_adder:g0|_8bit_adder:F0|_4bit_adder:A0|full_adder:FA0"
Info (12128): Elaborating entity "half_adder" for hierarchy "ALU32bit:myALU|_32bit_adder:g0|_8bit_adder:F0|_4bit_adder:A0|full_adder:FA0|half_adder:sum_1"
Info (12128): Elaborating entity "_32bit_sub" for hierarchy "ALU32bit:myALU|_32bit_sub:g2"
Info (12128): Elaborating entity "_32bit_xor" for hierarchy "ALU32bit:myALU|_32bit_sub:g2|_32bit_xor:g0"
Info (12128): Elaborating entity "_32bit_and" for hierarchy "ALU32bit:myALU|_32bit_and:g5"
Info (12128): Elaborating entity "_32bit_slt" for hierarchy "ALU32bit:myALU|_32bit_slt:g3"
Info (12128): Elaborating entity "_32bit_nor" for hierarchy "ALU32bit:myALU|_32bit_nor:g4"
Info (12128): Elaborating entity "mux8x1" for hierarchy "ALU32bit:myALU|mux8x1:g7"
Info (12128): Elaborating entity "mux4x1" for hierarchy "ALU32bit:myALU|mux8x1:g7|mux4x1:g0"
Info (12128): Elaborating entity "memoryOperations" for hierarchy "memoryOperations:myMemory"
Warning (12241): 4 hierarchies have connectivity warnings - see the Connectivity Checks report folder
Info (16010): Generating hard_block partition "hard_block:auto_generated_inst"
    Info (16011): Adding 0 node(s), including 0 DDIO, 0 PLL, 0 transceiver and 0 LCELL
Warning (21074): Design contains 1 input pin(s) that do not drive logic
    Warning (15610): No output dependent on input pin "clock"
Info (21057): Implemented 1 device resources after synthesis - the final resource count might be different
    Info (21058): Implemented 1 input pins
    Info (21059): Implemented 0 output pins
Info: Quartus II 64-Bit Analysis & Synthesis was successful. 0 errors, 25 warnings
    Info: Peak virtual memory: 4674 megabytes
    Info: Processing ended: Wed Jan 18 02:38:22 2023
    Info: Elapsed time: 00:00:02
    Info: Total CPU time (on all processors): 00:00:02


